[ambronite.com/index.html]
[ambronite.com/cdn/shop/t/38/assets/geolizr-libdd2a.js]
[backblue.gif]
[fade.gif]
[index.html]
[ambronite.com/cdn/shop/t/38/assets/geolizr-lib3e9c.css]
[ambronite.com/cdn/shop/t/38/assets/styles.scsse3a6.css]
[ambronite.com/cdn/shop/t/38/assets/custom-styles501f.css]
[ambronite.com/cdn/shop/files/a-letter-logo_32x32646e.png]
[ambronite.com/cdn/shop/t/38/assets/appda2e.js]
[ambronite.com/checkouts/internal/preloadsc494.js]
[cdn.shopify.com/shopifycloud/storefront-forms-hcaptcha/ce_storefront_forms_captcha_hcaptcha.v1.4.0.iife.js]
[ambronite.com/cdn/shopifycloud/shopify/assets/storefront/load_feature-1060834584ef204397b1179782a1b090047ee4397cb627244ab89e03f65c4307.js]
[ambronite.com/cdn/shopifycloud/portable-wallets/latest/portable-wallets.en.js]
[cdn.judge.me/shopify_v2/align.css]
[cdn.judge.me/loader.js]
[cdn.judge.me/shopify_v2.css]
[ambronite.com/POST]
[ambronite.com/cdn]
[ambronite.com/cdn/s/trekkie.storefront.99dbbdfeb1f3090da185887d7e078889edcb783c.min.js]
[ambronite.com/cdn/shopifycloud/shopify/assets/shop_events_listener-61fa9e0a912c675e178777d2b27f6cbd482f8912a6b0aa31fa3515985a8cd626.js]
[ambronite.com/cdn/shopifycloud/perf-kit/shopify-perf-kit-1.0.2.min.js]
[ambronite.com/cdn/shop/files/logo-without-R_410xdc81.png]
[ambronite.com/cart.html]
[ambronite.com/products/keto-meal-shake-new.html]
[ambronite.com/products/balanced-meal-shake-new.html]
[ambronite.com/products/complete-meal-shake-new.html]
[ambronite.com/products/ambrogreens-new.html]
[ambronite.com/products/ambronite-shaker-bottle-500ml.html]
[ambronite.com/pages/ambronite-story.html]
[ambronite.com/pages/nutrition-and-ingredients.html]
[ambronite.com/pages/ingredients.html]
[ambronite.com/pages/ambronite-ambassadors.html]
[ambronite.com/pages/refer-a-friend.html]
[ambronite.com/account/login.html]
[ambronite.com/cdn/shop/t/38/assets/us_flageb84.png]
[ambronite.com/cdn/shop/t/38/assets/fi_flag9e02.png]
[ambronite.com/cdn/shop/t/38/assets/de_flagb136.png]
[ambronite.com/cdn/shop/t/38/assets/eu_flagf7ab.png]
[ambronite.com/cdn/shop/files/logo-without-R_280x@2xdc81.png]
[ambronite.com/cdn/shop/files/KMS-Launch-Pic_300x4b8b.jpg]
[ambronite.com/cdn/shop/files/KMS-Launch-Pic_2048x4b8b.jpg]
[ambronite.com/account/login4236.html]
[ambronite.com/cdn/shop/files/mountain_optimized_1200x7954.jpg]
[ambronite.com/collections/all-products-new.html]
[ambronite.com/cdn/shop/files/Time-magazine-logo-black-and-white_100x7954.png]
[ambronite.com/cdn/shop/files/Wallpaper_magazine_logo_black_and_white_100x7954.png]
[ambronite.com/cdn/shop/files/Wallpaper_magazine_logo_black_and_white_2048x7954.png]
[ambronite.com/cdn/shop/files/Wired-logo-black-and-white_100x7954.png]
[ambronite.com/cdn/shop/files/Wired-logo-black-and-white_2048x7954.png]
[ambronite.com/cdn/shop/files/ars-technica-logo-black-and-white_100x7954.png]
[ambronite.com/cdn/shop/files/ars-technica-logo-black-and-white_2048x7954.png]
[ambronite.com/cdn/shop/files/fast-company-logo-black-and-white_100x7954.png]
[ambronite.com/cdn/shop/files/fast-company-logo-black-and-white_2048x7954.png]
[ambronite.com/cdn/shop/files/forbes-logo-gray-small_100x193a.png]
[ambronite.com/cdn/shop/files/forbes-logo-gray-small_2048x193a.png]
[ambronite.com/cdn/shop/files/creative-designer-busy-at-work_1200xbafe.jpg]
[ambronite.com/cdn/shop/files/real-food-meal-shakes-gentle-on-the-stomach_300xeb21.jpg]
[ambronite.com/cdn/shop/files/KMS-button-frontpage_300x3678.jpg]
[ambronite.com/cdn/shop/files/KMS-button-frontpage_2048x3678.jpg]
[ambronite.com/cdn/shop/files/Shane-Klesh-KleshGuitars_300x42d8.jpg]
[ambronite.com/cdn/shop/files/Sanna-Ruuska-La-Vida-Fresca_300x42d8.jpg]
[ambronite.com/cdn/shop/files/Christofer-Johnsson-Therion-2_300x42d8.jpg]
[ambronite.com/cdn/shop/files/Emma-Silverman-Joy-of-Yoga_300x42d8.jpg]
[ambronite.com/cdn/shop/files/Andria-Louka-CrossFit-LockDown_300x1521.jpg]
[ambronite.com/cdn/shop/files/AmbroGreens_-_Delicious_greenjuice_1200x6473.jpg]
[ambronite.com/cdn/shop/files/planet_300x42d8.jpg]
[ambronite.com/cdn/shop/files/ambronite-blog-post-placeholder_220x364e.jpg]
[ambronite.com/cdn/shop/files/for-people-who-dare-to-transform_300x42d8.jpg]
[cdn.shopify.com/s/files/1/0282/3766/files/logo871a.png]
[ambronite.com/pages/faq.html]
[ambronite.com/pages/shipping-and-delivery.html]
[ambronite.com/pages/terms-of-service.html]
[ambronite.com/pages/quality.html]
[ambronite.com/pages/ebooks.html]
[ambronite.com/pages/become-an-affiliate.html]
[ambronite.com/pages/wholesale.html]
[ambronite.com/pages/press.html]
[ambronite.com/pages/contact-us.html]
[ambronite.com/pages/partner-zone.html]
[ambronite.com/pages/join-us.html]
[ambronite.com/index.html]
[ambronite.com/cdn/shop/t/38/assets/geolizr-lib3e9c.css]
[ambronite.com/cdn/fonts/lato/lato_n4.c86cddcf8b15d564761aaa71b6201ea326f3648bb14d.woff2]
[ambronite.com/cdn/fonts/lato/lato_n4.e0ee1e2c008a0f429542630edf70be01045ac5e9bf81.woff]
[ambronite.com/cdn/fonts/lato/lato_n7.f0037142450bd729bdf6ba826f5fdcd80f2787baa576.woff2]
[ambronite.com/cdn/fonts/lato/lato_n7.50161a3d4f05d049b7407d86c5a8834e4d6e29bf88d3.woff]
[ambronite.com/cdn/fonts/lato/lato_i4.7307831c0d06d264a76f2f7310f8a29d0507d6d0239a.woff2]
[ambronite.com/cdn/fonts/lato/lato_i4.fb695d0d68d5b174347edaf543726b1903b577969ab4.woff]
[ambronite.com/cdn/fonts/lato/lato_i7.86965a52f2ddabac45abc106c3d0cc22ac7b57bb8298.woff2]
[ambronite.com/cdn/fonts/lato/lato_i7.34d7f5a12391e5532b516b8bb3974f4cc3ee25aebf80.woff]
[ambronite.com/cdn/fonts/roboto_condensed/robotocondensed_n7.a8dcc495520a7cc0e796688956d83e7a5274e2472a4d.woff2]
[ambronite.com/cdn/fonts/roboto_condensed/robotocondensed_n7.42ef03157aa2a002e25bb3dfa99c3e6719fa428a538f.woff]
[ambronite.com/cdn/fonts/roboto_condensed/robotocondensed_i7.7565ef358b998b657e7f441948127f8a7c9be7734ff5.woff2]
[ambronite.com/cdn/fonts/roboto_condensed/robotocondensed_i7.06cb4516964ff08b914525b41601e86f4330c9c3ed16.woff]
[ambronite.com/cdn/fonts/lato/lato_n1.e49f480ba5e9b0fa42a5317bc54131cafd9c40b7ebb7.woff2]
[ambronite.com/cdn/fonts/lato/lato_n1.f54ae865ead23d25f6f16ac022ce6185dac59e69ad2a.woff]
[ambronite.com/cdn/fonts/lato/lato_i1.05d83819820a3ea8339443049f6c4a551481f9c6a388.woff2]
[ambronite.com/cdn/fonts/lato/lato_i1.bae1aff2f7c450a62d15eb61ef9304e44eafe140447a.woff]
[ambronite.com/cdn/fonts/roboto_condensed/robotocondensed_n4.901867ac1fae62a138ed9ec7898623d7144251055f62.woff2]
[ambronite.com/cdn/fonts/roboto_condensed/robotocondensed_n4.c3228efde738d250ea3586f81d19645b192589ab1f69.woff]
[ambronite.com/cdn/fonts/roboto_condensed/robotocondensed_i4.13fc127c668f1ef2c693593d70d747d31984e2fb0fe3.woff2]
[ambronite.com/cdn/fonts/roboto_condensed/robotocondensed_i4.c9f77c83bde6a8505d7622ece139952798a4f56a1070.woff]
[ambronite.com/cdn/shop/t/38/assets/select70f3.png]
[ambronite.com/cdn/shop/t/38/assets/styles.scsse3a6.css]
[ambronite.com/cdn/shop/t/38/assets/Juri_Zaech_-_Frontage_Condensed_Boldadb5.otf]
[cdn.shopify.com/s/files/1/0282/3766/files/Berries-and-super-greens-in-ambronite5b8d.png]
[ambronite.com/cdn/shop/t/38/assets/custom-styles501f.css]
[cdn.judge.me/shopify_v2/align.css]
[s3.amazonaws.com/me.judge.public-static-assets/general/video-placeholder-640x480.jpg]
[cdn.judge.me/shopify_v2.css]
[ambronite.com/POST.html]
[ambronite.com/cdn.html]
[www.googletagmanager.com/gtm5445.html]
[ambronite.com/cdn/shop/t/38/assets/styles-cart-page3417.css]
[ambronite.com/cdn/shop/t/38/assets/styles-product-and-cartbd81.css]
[ambronite.com/cart.html]
[ambronite.com/products/keto-meal-shake-new.oembed]
[ambronite.com/products/POST]
[ambronite.com/cdn/shop/t/38/assets/styles-product-page50a9.css]
[ambronite.com/cdn/shop/products/Ambronite-Keto-Meal-Shake-Big-Bag-4-Meals_b44d82d4-46fa-4d46-a8d0-7572b57844bc_2048x844f.jpg]
[ambronite.com/cdn/shop/products/Ambronite-Keto-Meal-Shake-Big-Bag-4-Meals_b44d82d4-46fa-4d46-a8d0-7572b57844bc_300x844f.jpg]
[ambronite.com/cdn/shop/products/KMS-ingredients_2048xfa95.jpg]
[ambronite.com/cdn/shop/products/KMS-ingredients_300xfa95.jpg]
[ambronite.com/cdn/shop/products/KMS-nutrition-facts_2048x727a.jpg]
[ambronite.com/cdn/shop/products/KMS-nutrition-facts_300x727a.jpg]
[static.rechargecdn.com_443/static/css/rcWidget.css]
[static.rechargecdn.com_443/static/js/rcWidget.js]
[cdn.shopify.com/s/files/1/0282/3766/files/shipping-detailsc908.png]
[cdn.shopify.com/s/files/1/0282/3766/files/money-back-guaranteec908.png]
[ambronite.com/cdn/shop/files/KMS-Benefits2_300x28d6.jpg]
[ambronite.com/cdn/shop/files/KMS-Benefits2_2048x28d6.jpg]
[cdn.shopify.com/s/files/1/0282/3766/files/ingredients-arrow7aa9.jpg]
[cdn.shopify.com/s/files/1/0282/3766/files/protein-from-oats31de.jpg]
[cdn.shopify.com/s/files/1/0282/3766/files/prebiotic-fiber-rich-carbs-apples31de.jpg]
[cdn.shopify.com/s/files/1/0282/3766/files/healthy-fats-from-almonds31de.jpg]
[cdn.shopify.com/s/files/1/0282/3766/files/alkalizing-gut-friendly-greens31de.jpg]
[cdn.shopify.com/s/files/1/0282/3766/files/immunity-boosting-berries31de.jpg]
[cdn.shopify.com/s/files/1/0282/3766/files/nutrient-dense-superfoods-b1231de.jpg]
[cdn.shopify.com/s/files/1/0282/3766/files/Plant-based-stamp2bb1.png]
[cdn.shopify.com/s/files/1/0282/3766/files/no-artifial-flavoring-stamp2bb1.png]
[cdn.shopify.com/s/files/1/0282/3766/files/non-gmo-stamp2bb1.png]
[cdn.shopify.com/s/files/1/0282/3766/files/no-preservatives-stamp2bb1.png]
[cdn.shopify.com/s/files/1/0282/3766/files/no-wheat-rye-barley-stamp2bb1.png]
[cdn.shopify.com/s/files/1/0282/3766/files/non-dairy-stampc9db.png]
[ambronite.com/cdn/shop/files/Keto-meal-shake-chocolate_300x28d6.jpg]
[ambronite.com/cdn/shop/files/Keto-meal-shake-chocolate_2048x28d6.jpg]
[cdn.shopify.com/s/files/1/0282/3766/files/how-to-prepare-meal-shake-1-add-cold-water8e11.png]
[cdn.shopify.com/s/files/1/0282/3766/files/how-to-prepare-meal-shake-2-add-ambronite8e11.png]
[cdn.shopify.com/s/files/1/0282/3766/files/how-to-prepare-meal-shake-3-add-remaining-water8e11.png]
[cdn.shopify.com/s/files/1/0282/3766/files/how-to-prepare-meal-shake-4-shake-or-blend8e11.png]
[cdn.shopify.com/s/files/1/0282/3766/files/how-to-prepare-meal-shake-5-quench-hunger8e11.png]
[ambronite.com/cdn/shop/files/110_money_back_guarantee_1200x5921.jpg]
[ambronite.com/collections/all-products-new/products/ambrogreens-new.html]
[ambronite.com/cdn/shop/products/ambrogreens_8de1869b-2c6b-4b92-ab61-20568f979144_300x6ff8.jpg]
[ambronite.com/cdn/shop/products/ambrogreens_8de1869b-2c6b-4b92-ab61-20568f979144_2048x6ff8.jpg]
[ambronite.com/cdn/shop/products/ambrogreens-ingredients-label_1759e94a-0600-4afb-b6e8-dc0bc9648586_2048x0b97.jpg]
[ambronite.com/cdn/shop/products/ambrogreens-ingredients-label_1759e94a-0600-4afb-b6e8-dc0bc9648586_300x0b97.jpg]
[ambronite.com/cdn/shop/products/ambrogreens-nutrition-label_d999a5a7-7d4a-41d4-b9ba-f00b3734e542_2048xd32a.jpg]
[ambronite.com/cdn/shop/products/ambrogreens-nutrition-label_d999a5a7-7d4a-41d4-b9ba-f00b3734e542_300xd32a.jpg]
[ambronite.com/collections/all-products-new/products/complete-meal-shake-new.html]
[ambronite.com/cdn/shop/products/Complete-Meal-Shake-Big-Bag-Original_30b534d0-ef90-41c2-8fde-c607e5b7208d_300x6e80.jpg]
[ambronite.com/cdn/shop/products/Complete-Meal-Shake-Big-Bag-Original_30b534d0-ef90-41c2-8fde-c607e5b7208d_2048x6e80.jpg]
[ambronite.com/cdn/shop/products/Complete-Meal-Shake-Big-Bag-Banana_814afed6-0c39-4b16-960e-bb6f8870a312_2048x477c.jpg]
[ambronite.com/cdn/shop/products/Complete-Meal-Shake-Big-Bag-Banana_814afed6-0c39-4b16-960e-bb6f8870a312_300x477c.jpg]
[ambronite.com/cdn/shop/products/Complete-Meal-Shake-Big-Bag-Berries_d3a9153a-a84f-46b7-bc85-f4680180b7c9_2048xfdc8.jpg]
[ambronite.com/cdn/shop/products/Complete-Meal-Shake-Big-Bag-Berries_d3a9153a-a84f-46b7-bc85-f4680180b7c9_300xfdc8.jpg]
[ambronite.com/cdn/shop/products/Complete-Meal-Shake-Big-Bag-All-Flavors_38e1dd74-5128-4c82-9ce3-91a945475264_2048x5d1f.jpg]
[ambronite.com/cdn/shop/products/Complete-Meal-Shake-Big-Bag-All-Flavors_38e1dd74-5128-4c82-9ce3-91a945475264_300x5d1f.jpg]
[ambronite.com/cdn/shop/products/CMS-ingredients_2048x5d1f.jpg]
[ambronite.com/cdn/shop/products/CMS-ingredients_300x5d1f.jpg]
[ambronite.com/cdn/shop/products/CMS-nutrition-facts_2048x5d1f.jpg]
[ambronite.com/cdn/shop/products/CMS-nutrition-facts_300x5d1f.jpg]
[ambronite.com/products/keto-meal-shake-new.html]
[ambronite.com/products/balanced-meal-shake-new.oembed]
[ambronite.com/cdn/shop/products/BMS-V2-Choco-Tub_40b190af-122e-4875-a48b-ecdf8abaac29_2048xfbfe.jpg]
[ambronite.com/cdn/shop/products/BMS-V2-Choco-Tub_40b190af-122e-4875-a48b-ecdf8abaac29_300xfbfe.jpg]
[ambronite.com/cdn/shop/products/BMS-Choco-Ingredients_cf344289-7f62-4fe6-bf9a-dd5bfa7c8711_2048x3f42.jpg]
[ambronite.com/cdn/shop/products/BMS-Choco-Ingredients_cf344289-7f62-4fe6-bf9a-dd5bfa7c8711_300x3f42.jpg]
[ambronite.com/cdn/shop/products/BMS-Choco-Nutrition-Facts_68cdc1d9-550d-4b5d-a6ae-2655cc490cc0_2048xad05.jpg]
[ambronite.com/cdn/shop/products/BMS-Choco-Nutrition-Facts_68cdc1d9-550d-4b5d-a6ae-2655cc490cc0_300xad05.jpg]
[ambronite.com/cdn/shop/products/balanced-meal-shake-vanilla-front-3d-render_328d938d-6cbd-423c-93ea-47571c2f6d54_2048x3abe.jpg]
[ambronite.com/cdn/shop/products/balanced-meal-shake-vanilla-front-3d-render_328d938d-6cbd-423c-93ea-47571c2f6d54_300x3abe.jpg]
[ambronite.com/cdn/shop/products/balanced_meal_nutrilabel_vanilla_new_f89d67c5-0dfb-43dd-8b29-d8d51f0b4e76_2048x1fb1.jpg]
[ambronite.com/cdn/shop/products/balanced_meal_nutrilabel_vanilla_new_f89d67c5-0dfb-43dd-8b29-d8d51f0b4e76_300x1fb1.jpg]
[ambronite.com/cdn/shop/products/BMS-vanilla-back-label_3829e949-a0a9-46e0-9807-519a2b77292c_2048x0612.jpg]
[ambronite.com/cdn/shop/products/BMS-vanilla-back-label_3829e949-a0a9-46e0-9807-519a2b77292c_300x0612.jpg]
[ambronite.com/cdn/shop/files/balanced-meal-shake-tub-chocolate-flavor_300x6879.jpg]
[ambronite.com/cdn/shop/files/balanced-meal-shake-tub-chocolate-flavor_2048x6879.jpg]
[ambronite.com/cdn/shop/files/bms-vanilla-breakfast_300x3fea.jpg]
[ambronite.com/cdn/shop/files/bms-vanilla-breakfast_2048x3fea.jpg]
[ambronite.com/products/balanced-meal-shake-new.html]
[ambronite.com/products/complete-meal-shake-new.oembed]
[ambronite.com/cdn/shop/files/ambronite-blog-post-placeholder_300x364e.jpg]
[ambronite.com/cdn/shop/files/ambronite-blog-post-placeholder_2048x364e.jpg]
[ambronite.com/cdn/shop/files/breakfast_bigbags_300x7954.jpg]
[ambronite.com/cdn/shop/files/breakfast_bigbags_2048x7954.jpg]
[ambronite.com/cdn/shop/files/Everything-your-body-needs_1200x8c20.jpg]
[ambronite.com/collections/all-products-new/products/keto-meal-shake-new.html]
[ambronite.com/products/complete-meal-shake-new.html]
[ambronite.com/products/ambrogreens-new.oembed]
[ambronite.com/cdn/shop/files/ambrogreens-on-table_300x2a63.jpg]
[ambronite.com/cdn/shop/files/ambrogreens-on-table_2048x2a63.jpg]
[ambronite.com/cdn/shop/files/ambrogreens-in-a-glass_300x2a63.jpg]
[ambronite.com/cdn/shop/files/ambrogreens-in-a-glass_2048x2a63.jpg]
[ambronite.com/products/ambrogreens-new.html]
[ambronite.com/products/ambronite-shaker-bottle-500ml.oembed]
[ambronite.com/cdn/shop/products/new-shaker-product-image_2048x99ca.jpg]
[ambronite.com/cdn/shop/products/new-shaker-product-image_300x99ca.jpg]
[ambronite.com/products/ambronite-shaker-bottle-500ml.html]
[ambronite.com/pages/POST]
[ambronite.com/cdn/shop/t/38/assets/custom-page-styles22fa.css]
[ambronite.com/cdn/shop/t/38/assets/styles-mission0d06.css]
[ambronite.com/cdn/shop/files/mountain-road-green-sky_1200xdff1.jpg]
[ambronite.com/pages/team.html]
[ambronite.com/pages/ambronite-story.html]
[ambronite.com/cdn/shop/files/ambronite-plant-based-real-food-ingredients_1200x78f5.jpg]
[ambronite.com/cdn/shop/files/the-most-nutritious-plant-ingredients_1200x78f5.jpg]
[ambronite.com/pages/nutrition-and-ingredients.html]
[ambronite.com/cdn/shop/files/background-powder-on-table_1200x78f5.jpg]
[ambronite.com/cdn/shop/files/oats_300xab17.jpg]
[ambronite.com/cdn/shop/files/oats_2048xab17.jpg]
[ambronite.com/cdn/shop/files/almonds_1b472a55-92e9-4c07-a3a3-f95e867f9f9b_300xab17.jpg]
[ambronite.com/cdn/shop/files/almonds_1b472a55-92e9-4c07-a3a3-f95e867f9f9b_2048xab17.jpg]
[ambronite.com/cdn/shop/files/bilberries_300xab17.jpg]
[ambronite.com/cdn/shop/files/bilberries_2048xab17.jpg]
[ambronite.com/cdn/shop/files/black-currants_300xab17.jpg]
[ambronite.com/cdn/shop/files/black-currants_2048xab17.jpg]
[ambronite.com/cdn/shop/files/sea-buckthorns_300xab17.jpg]
[ambronite.com/cdn/shop/files/sea-buckthorns_2048xab17.jpg]
[ambronite.com/cdn/shop/files/apples_300x79f6.jpg]
[ambronite.com/cdn/shop/files/apples_2048x79f6.jpg]
[ambronite.com/cdn/shop/files/cranberries_300x79f6.jpg]
[ambronite.com/cdn/shop/files/cranberries_2048x79f6.jpg]
[ambronite.com/cdn/shop/files/nettle-leaves_300x79f6.jpg]
[ambronite.com/cdn/shop/files/nettle-leaves_2048x79f6.jpg]
[ambronite.com/cdn/shop/files/spinach-leaves_300x79f6.jpg]
[ambronite.com/cdn/shop/files/spinach-leaves_2048x79f6.jpg]
[ambronite.com/cdn/shop/files/flax-seeds_300x79f6.jpg]
[ambronite.com/cdn/shop/files/flax-seeds_2048x79f6.jpg]
[ambronite.com/cdn/shop/files/chlorella_300x79f6.jpg]
[ambronite.com/cdn/shop/files/chlorella_2048x79f6.jpg]
[ambronite.com/cdn/shop/files/spirulina_300x79f6.jpg]
[ambronite.com/cdn/shop/files/spirulina_2048x79f6.jpg]
[ambronite.com/cdn/shop/files/nutritional-yeast_300x79f6.jpg]
[ambronite.com/cdn/shop/files/nutritional-yeast_2048x79f6.jpg]
[ambronite.com/cdn/shop/files/mineral-salt_300x79f6.jpg]
[ambronite.com/cdn/shop/files/mineral-salt_2048x79f6.jpg]
[ambronite.com/cdn/shop/files/coconut-sugar_300x79f6.jpg]
[ambronite.com/cdn/shop/files/coconut-sugar_2048x79f6.jpg]
[ambronite.com/cdn/shop/files/natural-aromas_300x6406.jpg]
[ambronite.com/cdn/shop/files/natural-aromas_2048x6406.jpg]
[ambronite.com/cdn/shop/files/oat-protein_300x6406.jpg]
[ambronite.com/cdn/shop/files/oat-protein_2048x6406.jpg]
[ambronite.com/cdn/shop/files/oat-fiber_300x6406.jpg]
[ambronite.com/cdn/shop/files/oat-fiber_2048x6406.jpg]
[ambronite.com/cdn/shop/files/guar-gum_300x6406.jpg]
[ambronite.com/cdn/shop/files/guar-gum_2048x6406.jpg]
[ambronite.com/cdn/shop/files/400_kcal_berries_300x6406.jpg]
[ambronite.com/cdn/shop/files/400_kcal_berries_2048x6406.jpg]
[ambronite.com/cdn/shop/files/ambrogreens_300x6406.jpg]
[ambronite.com/cdn/shop/files/ambrogreens_2048x6406.jpg]
[ambronite.com/pages/ingredients.html]
[ambronite.com/cdn/shop/files/lake-by-a-mountain_1200x504c.jpg]
[ambronite.com/pages/community-ben-greenfield-how-to-hack-your-meals-for-better-body.html]
[ambronite.com/cdn/shop/files/ben-greenfield-favorite-natural-delicious-meal-replacement-ambronite_480x42d8.jpg]
[ambronite.com/pages/farnoosh-brock-how-to-live-dream-life.html]
[ambronite.com/cdn/shop/files/Farnoosh-t_480x504c.png]
[ambronite.com/pages/community-ari-huusela-pilot-at-finnair.html]
[ambronite.com/cdn/shop/files/Ari_Huusela_480xb384.jpg]
[ambronite.com/pages/rajdeep-gahir-hacking-busy-lifestyle.html]
[ambronite.com/cdn/shop/files/Rajdeep-Gahir_480xb384.png]
[ambronite.com/pages/community-david-dietrich-spartan-racer.html]
[ambronite.com/cdn/shop/files/David-t_480xb1fb.png]
[ambronite.com/pages/community-minttu-tuominen-ice-hockey.html]
[ambronite.com/cdn/shop/files/Minttu-t_480x351c.png]
[ambronite.com/pages/neil-mcnab-leading-backcountry-snowboard-guide.html]
[ambronite.com/cdn/shop/files/Neil-t_480x2dab.png]
[ambronite.com/pages/community-andria-louka.html]
[ambronite.com/cdn/shop/files/andria1_480x1047.jpg]
[ambronite.com/pages/community-md-chris-mccarthy-lifestyle-change.html]
[ambronite.com/cdn/shop/files/chris-t_480x4d72.png]
[ambronite.com/pages/community-sanna-ruuska.html]
[ambronite.com/cdn/shop/files/sanna-ruuska_480x4e9c.jpg]
[ambronite.com/pages/teemu-arina-hacking-busy-lifestyle.html]
[ambronite.com/cdn/shop/files/Teemu-Arina-cp_large_6afd8833-da76-47d2-b5a2-bab938c77e41_480xb384.png]
[ambronite.com/pages/plant-based-diet-with-alena-from-nutriciously.html]
[ambronite.com/cdn/shop/files/Alena-t_480xe2b6.png]
[ambronite.com/pages/stephen-de-vore.html]
[ambronite.com/cdn/shop/files/Stephen_Devore_large_e578bef6-b5fa-457d-b7e8-cdb31274ac4c_480xb384.png]
[ambronite.com/pages/community-pauline-leung-development-coordinator.html]
[ambronite.com/cdn/shop/files/Pauline-t_480xb1fb.png]
[ambronite.com/pages/jon-aslund-software-developer-spotify.html]
[ambronite.com/cdn/shop/files/Jon-cp_large_480xf1ce.png]
[ambronite.com/pages/sami-tallberg-learn-from-wild-food-chef.html]
[ambronite.com/cdn/shop/files/sami-t_480xb384.png]
[ambronite.com/pages/community-christofer-johnsson-guitarist-and-founding-member-of-therion.html]
[ambronite.com/cdn/shop/files/Christofer_Johnsson_480xb384.png]
[ambronite.com/pages/community-zsombor-deak.html]
[ambronite.com/cdn/shop/files/zsombor-deak_480xfa71.png]
[ambronite.com/pages/community-stefan-engblom-food-and-energy-for-hectic-tour-travel-life.html]
[ambronite.com/cdn/shop/files/Stefan_Engblom_480xe19d.png]
[ambronite.com/pages/community-janne-koivistoinen-not-average-freelance-designer.html]
[ambronite.com/cdn/shop/files/Janne-Koivistoinen_480xb384.png]
[ambronite.com/pages/community-bhawna-sharma.html]
[ambronite.com/cdn/shop/files/Bhawna-Sharma_3b02662f-4afe-428e-a6b7-d265c1cabd5f_480x5f3d.png]
[ambronite.com/pages/community-christos-tziortzis.html]
[ambronite.com/cdn/shop/files/Christos-cosmos-tattoo_480x2a25.png]
[ambronite.com/pages/ambronite-ambassadors.html]
[ambronite.com/cdn/shop/files/background-laidback-lady_1200x59c9.jpg]
[ambronite.com/pages/refer-a-friend.html]
[ambronite.com/cdn/shopifycloud/shopify/assets/themes_support/shopify_common-33bb9d312118840468a53f36b59c62c1e8f2b7d1a0a77250db9e300441827470.js]
[ambronite.com/cdn/shopifycloud/shopify/assets/themes_support/customer_area-4beccea87758d91106a581ba89341d9b51842f6da79209258c8297239e950343.js]
[ambronite.com/account/POST]
[ambronite.com/cdn/shop/t/38/assets/styles-account-pagesd296.css]
[ambronite.com/account/login.html]
[ambronite.com/account/login4236.html]
[ambronite.com/collections/all-products-new.atom]
[ambronite.com/collections/all-products-new.oembed]
[ambronite.com/collections/POST]
[ambronite.com/cdn/shop/collections/ambronite-ingredients-greens-berries-superfoods-plant-based-protein_1200x96a8.jpg]
[ambronite.com/collections/all-products-new.html]
[ambronite.com/pages/heavy-metals.html]
[ambronite.com/pages/faq.html]
[cdn.shopify.com/s/files/1/0897/9776/files/2000px-DHL_Express_logo.svg_7c01a357-75f2-4f95-8afc-87883ccbe8864e6a.png]
[ambronite.com/pages/shipping-and-delivery.html]
[ambronite.com/pages/terms-of-service.html]
[ambronite.com/pages/quality.html]
[cdn01.zipify.com/images/000/722/933/original/1/white-logo-without-R-small.png]
[cdn03.zipify.com/css/zipifypages.css]
[cdn03.zipify.com/javascript/page-published-scripts.min.js]
[cdn03.zipify.com/javascript/lazysizes.min.js]
[ajax.googleapis.com/ajax/libs/webfont/1.6.26/webfont.js]
[cdn03.zipify.com/bceb60189a7a601d80035e19bd439abdaa1d5ab0/stylesheet/pages/1a86d98ed3c4bccf1117f3c0a29d30cd.css]
[ambronite.com/cdn/shop/t/38/assets/favicon9656.png]
[connect.facebook.net/en_US/fbevents.js]
[cdn01.zipify.com/images/000/722/937/original/1/5_food_habits_that_are_killing_your_productivity.png]
[cdn01.zipify.com/images/000/722/936/original/1/7751475_20181113T152521.png]
[cdn01.zipify.com/images/000/722/935/original/1/7751474_20181113T153718.png]
[ambronite.com/pages/ebooks.html]
[cdn03.zipify.com/javascript/stickyfill.min.js]
[ambronite.com/cdn/shop/files/background-laidback-guy_1200x78f5.jpg]
[ambronite.com/pages/affiliate-program-terms-of-service.html]
[ambronite.com/pages/become-an-affiliate.html]
[ambronite.com/pages/affiliate-signup.html]
[cdn.shopify.com/s/files/1/0897/9776/files/PoS-smallcf1f.png]
[ambronite.com/pages/wholesale.html]
[ambronite.com/pages/press.html]
[ambronite.com/pages/contact-us.html]
[www.dropbox.com/s/4o91a5qyg7q7aae/Ambronite_team_photo_1.2b1ec75.delayed]
[www.dropbox.com/scl/fi/mt01ehvk514mptlolcx5r/Ambronite_team_photo_12469.html]
[www.dropbox.com/s/pytpzrdvr4iichx/Ambronite_team_photo_3.2b3ec75.delayed]
[www.dropbox.com/s/9xcgk7t7wj8ds3k/Ambronite_founders_photo_1.2b5ec75.delayed]
[www.dropbox.com/scl/fi/saps98zz9foxr8p4uw4jb/Ambronite_founders_photo_19d25.html]
[www.dropbox.com/s/lbg0u9e41ewqr0y/Ambronite_founders_photo_2.2b7ec75.delayed]
[ambronite.com/pages/partner-zone.html]
[www.dropbox.com/scl/fi/3zzky2pqd5wkobggfwvru/Ambronite_team_photo_34963.html]
[www.dropbox.com/scl/fi/d7ds24zy1qo9306nw7lef/Ambronite_founders_photo_26b8a.html]
[ambronite.com/cdn/shop/t/38/assets/styles-recruitments7aef.css]
[cdn.shopify.com/s/files/1/0282/3766/files/ambronite-jobs-recruitment9573.jpg]
[cdn.shopify.com/s/files/1/0282/3766/files/ambronite-team-walkingc5d0.jpg]
[ambronite.com/pages/join-us.html]
[sdk.vyrl.co/loader.js]
[ambronite.com/cdn/shop/t/38/assets/styles-cart-page3417.css]
[ambronite.com/cdn/shop/t/38/assets/styles-product-and-cartbd81.css]
[ambronite.com/products/POST.html]
[ambronite.com/cdn/shop/t/38/assets/styles-product-page50a9.css]
[static.rechargecdn.com_443/static/css/rcWidget.css]
[ambronite.com/collections/all-products-new/products/POST]
[ambronite.com/collections/all-products-new/products/ambrogreens-new.html]
[ambronite.com/collections/all-products-new/products/complete-meal-shake-new.html]
[ambronite.com/collections/all-products-new/products/keto-meal-shake-new.html]
[ambronite.com/pages/POST.html]
[ambronite.com/cdn/shop/t/38/assets/custom-page-styles22fa.css]
[ambronite.com/cdn/shop/t/38/assets/styles-mission0d06.css]
[ambronite.com/cdn/shop/t/38/assets/styles-team-page2e23.css]
[ambronite.com/cdn/shop/files/KMS-Benefits2_1200x28d6.jpg]
[ambronite.com/pages/team.html]
[cdn.shopify.com/s/files/1/0897/9776/files/Ben-t_largee035.png]
[ambronite.com/pages/community-ben-greenfield-how-to-hack-your-meals-for-better-body.html]
[cdn.shopify.com/s/files/1/0282/3766/files/Farnoosh-t_large9051.png]
[ambronite.com/pages/farnoosh-brock-how-to-live-dream-life.html]
[cdn.shopify.com/s/files/1/0282/3766/files/Ari-cp_largec2ea.png]
[cdn.shopify.com/s/files/1/0282/3766/files/IRv5RJK_large1632.gif]
[ambronite.com/pages/community-ari-huusela-pilot-at-finnair.html]
[cdn.shopify.com/s/files/1/0282/3766/files/Rajdeep-cp_34a2582f-a858-4364-bae9-afeda7415d65_large5610.png]
[ambronite.com/pages/rajdeep-gahir-hacking-busy-lifestyle.html]
[cdn.shopify.com/s/files/1/0897/9776/files/David-t_large80a9.png]
[ambronite.com/pages/community-david-dietrich-spartan-racer.html]
[cdn.shopify.com/s/files/1/0897/9776/files/Minttu-t_large55bf.png]
[cdn.shopify.com/s/files/1/0282/3766/files/image1_1024x1024a2b0.jpg]
[ambronite.com/pages/community-minttu-tuominen-ice-hockey.html]
[cdn.shopify.com/s/files/1/0282/3766/files/Neil-t_large9dc4.png]
[ambronite.com/pages/neil-mcnab-leading-backcountry-snowboard-guide.html]
[cdn.shopify.com/s/files/1/0897/9776/files/andria1_mediuma0fa.jpg]
[cdn.shopify.com/s/files/1/0897/9776/files/andria2_large5c14.jpg]
[cdn.shopify.com/s/files/1/0897/9776/files/andria3_large664a.jpg]
[ambronite.com/pages/community-andria-louka.html]
[cdn.shopify.com/s/files/1/0282/3766/files/chris-t_large2dee.png]
[ambronite.com/pages/community-md-chris-mccarthy-lifestyle-change.html]
[cdn.shopify.com/s/files/1/0897/9776/files/sanna-ruuska_medium7315.jpg]
[cdn.shopify.com/s/files/1/0897/9776/files/sanna-ruuska-2_largee761.jpg]
[ambronite.com/pages/community-sanna-ruuska.html]
[cdn.shopify.com/s/files/1/0282/3766/files/Teemu-cp_large5610.png]
[ambronite.com/pages/teemu-arina-hacking-busy-lifestyle.html]
[cdn.shopify.com/s/files/1/0282/3766/files/Alena-t_large1f25.png]
[ambronite.com/pages/plant-based-diet-with-alena-from-nutriciously.html]
[cdn.shopify.com/s/files/1/0282/3766/files/Stephen_Devoree5d9.png]
[ambronite.com/pages/stephen-de-vore.html]
[cdn.shopify.com/s/files/1/0897/9776/files/Pauline-t_largeeddf.png]
[ambronite.com/pages/community-pauline-leung-development-coordinator.html]
[cdn.shopify.com/s/files/1/0282/3766/files/Jon-cp_large5610.png]
[ambronite.com/pages/jon-aslund-software-developer-spotify.html]
[cdn.shopify.com/s/files/1/0282/3766/files/Sami-cp_1445ec43-596c-4bb0-8d26-b9c1e768db9c_large5610.png]
[ambronite.com/pages/sami-tallberg-learn-from-wild-food-chef.html]
[cdn.shopify.com/s/files/1/0282/3766/files/Christoffer_Image750a.jpg]
[ambronite.com/pages/community-christofer-johnsson-guitarist-and-founding-member-of-therion.html]
[cdn.shopify.com/s/files/1/0897/9776/files/zsombor-deak_large8e6c.png]
[ambronite.com/pages/community-zsombor-deak.html]
[cdn.shopify.com/s/files/1/0897/9776/files/Stefan_Engblom2109.png]
[ambronite.com/pages/community-stefan-engblom-food-and-energy-for-hectic-tour-travel-life.html]
[cdn.shopify.com/s/files/1/0282/3766/files/Janne-t_b5074dda-a912-4382-8d3d-f9f13214b344_large5265.png]
[ambronite.com/pages/community-janne-koivistoinen-not-average-freelance-designer.html]
[cdn2.shopify.com/s/files/1/0897/9776/files/Bhawna-Sharma_3b02662f-4afe-428e-a6b7-d265c1cabd5f_240x24010cb.png]
[ambronite.com/pages/community-bhawna-sharma.html]
[cdn.shopify.com/s/files/1/0282/3766/files/Christos-cosmos-tattoo_240x240982e.png]
[ambronite.com/pages/community-christos-tziortzis.html]
[ambronite.com/account/POST.html]
[ambronite.com/cdn/shop/t/38/assets/styles-account-pagesd296.css]
[ambronite.com/collections/POST.html]
[cdn.shopify.com/s/files/1/0897/9776/files/Screen_Shot_2015-09-15_at_10.06.12_large1cdf.png]
[cdn.shopify.com/s/files/1/0897/9776/files/Screen_Shot_2015-09-15_at_10.06.19_large4148.png]
[ambronite.com/pages/heavy-metals.html]
[cdn03.zipify.com/css/zipifypages.css]
[cdn03.zipify.com/bceb60189a7a601d80035e19bd439abdaa1d5ab0/stylesheet/pages/1a86d98ed3c4bccf1117f3c0a29d30cd.css]
[ambronite.com/pages/a.3dd.delayed]
[ambronite.com/pages/b.resolvedLink]
[ambronite.com/pages/schema.org/index.html]
[ambronite.com/signals/iwl.js]
[connect.facebook.net/en_US/fbevents.js]
[ambronite.com/pages/affiliate-program-terms-of-service.html]
[ambronite.com/pages/affiliate-signup.html]
[cfl.dropboxstatic.com/static/typescript/component_libraries/dig-experimental/src/index.web-vflMgkV3K.css]
[cfl.dropboxstatic.com/static/metaserver/static/css/dig-components/tokens-vfluuDJCD.css]
[cfl.dropboxstatic.com/static/metaserver/static/css/foundation-vflH6wwwv.css]
[cfl.dropboxstatic.com/static/metaserver/static/css/dig/fonts-vflMHuSEC.css]
[cfl.dropboxstatic.com/static/metaserver/static/css/app_actions/index-vflwwzTNE.css]
[cfl.dropboxstatic.com/static/metaserver/static/css/abuse/fingerprintjs_component-vflTizAkf.css]
[cfl.dropboxstatic.com/static/metaserver/static/css/google_one_tap-vflp9XDLJ.css]
[cfl.dropboxstatic.com/static/metaserver/static/css/maestro_appshell_styles-vflfNNLV5.css]
[cfl.dropboxstatic.com/static/metaserver/static/css/error-vflFJkh4x.css]
[cfl.dropboxstatic.com/static/js/file_viewer/index.web-vflDar80-.css]
[cfl.dropboxstatic.com/static/metaserver/static/css/spectrum/index.web-vflwvsegv.css]
[cfl.dropboxstatic.com/static/typescript/component_libraries/dwg-components/src/index.web-vfl2fT2Hc.css]
[cfl.dropboxstatic.com/static/js/comments2/index-vflQdvUHu.css]
[cfl.dropboxstatic.com/static/metaserver/static/css/dig-illustrations/index.web-vfl_ufBou.css]
[cfl.dropboxstatic.com/static/metaserver/static/css/dig-components/index.web-vfljikA98.css]
[cfl.dropboxstatic.com/static/metaserver/static/css/notify-vfl4oJv2S.css]
[cfl.dropboxstatic.com/static/metaserver/static/css/snackbar-vfl0sHK6v.css]
[www.dropbox.com/scl/fi/mt01ehvk514mptlolcx5r/Ambronite_team_photo_12469.html]
[www.dropbox.com/scl/fi/3zzky2pqd5wkobggfwvru/Ambronite_team_photo_34963.html]
[www.dropbox.com/scl/fi/saps98zz9foxr8p4uw4jb/Ambronite_founders_photo_19d25.html]
[www.dropbox.com/scl/fi/d7ds24zy1qo9306nw7lef/Ambronite_founders_photo_26b8a.html]
[ambronite.com/cdn/shop/t/38/assets/styles-recruitments7aef.css]
[ambronite.com/collections/all-products-new/products/POST.html]
[ambronite.com/cdn/shop/t/38/assets/styles-team-page2e23.css]
[ambronite.com/pages/a.html]
[ambronite.com/pages/schema.org/index.html]
[ambronite.com/pages/b.resolvedLink]
[ambronite.com/signals/iwl.js]
[cfl.dropboxstatic.com/static/typescript/component_libraries/dig-experimental/src/index.web-vflMgkV3K.css]
[cfl.dropboxstatic.com/static/metaserver/static/css/dig-components/tokens-vfluuDJCD.css]
[cfl.dropboxstatic.com/static/metaserver/static/css/foundation-vflH6wwwv.css]
[cfl.dropboxstatic.com/static/metaserver/static/css/dig/fonts-vflMHuSEC.css]
[cfl.dropboxstatic.com/static/metaserver/static/css/app_actions/index-vflwwzTNE.css]
[cfl.dropboxstatic.com/static/metaserver/static/css/abuse/fingerprintjs_component-vflTizAkf.css]
[cfl.dropboxstatic.com/static/metaserver/static/css/google_one_tap-vflp9XDLJ.css]
[cfl.dropboxstatic.com/static/metaserver/static/js/alameda_bundle/alameda_bundle_ie_en-vflm4_hGD.js]
[cfl.dropboxstatic.com/static/metaserver/static/images/icons/ajax-loading-small-blue@2x-vfl14X6Ll.gif]
[cfl.dropboxstatic.com/static/metaserver/static/css/maestro_appshell_styles-vflfNNLV5.css]
[cfl.dropboxstatic.com/static/metaserver/static/css/error-vflFJkh4x.css]
[cfl.dropboxstatic.com/static/js/file_viewer/index.web-vflDar80-.css]
[cfl.dropboxstatic.com/static/metaserver/static/css/spectrum/index.web-vflwvsegv.css]
[cfl.dropboxstatic.com/static/typescript/component_libraries/dwg-components/src/index.web-vfl2fT2Hc.css]
[cfl.dropboxstatic.com/static/js/comments2/index-vflQdvUHu.css]
[cfl.dropboxstatic.com/static/metaserver/static/css/dig-illustrations/index.web-vfl_ufBou.css]
[cfl.dropboxstatic.com/static/metaserver/static/css/dig-components/components-vflDJY95W.css]
[cfl.dropboxstatic.com/static/metaserver/static/css/dig-components/legacy-token-migration-vfl1sMmEL.css]
[cfl.dropboxstatic.com/static/metaserver/static/css/dig-components/logos-vflFL1Ql0.css]
[cfl.dropboxstatic.com/static/metaserver/static/css/dig-components/icons-vflBrQT5l.css]
[cfl.dropboxstatic.com/static/metaserver/static/css/dig-components/foundations-tokens-vfl4IxSBQ.css]
[cfl.dropboxstatic.com/static/metaserver/static/css/dig-components/foundations-components-vflUsCtcW.css]
[cfl.dropboxstatic.com/static/metaserver/static/css/dig-components/index.web-vfljikA98.css]
[cfl.dropboxstatic.com/static/metaserver/static/css/notify-vfl4oJv2S.css]
[cfl.dropboxstatic.com/static/metaserver/static/css/snackbar-vfl0sHK6v.css]
[cfl.dropboxstatic.com/static/metaserver/static/css/dig-components/components-vflDJY95W.css]
[cfl.dropboxstatic.com/static/metaserver/static/css/dig-components/legacy-token-migration-vfl1sMmEL.css]
[cfl.dropboxstatic.com/static/metaserver/static/css/dig-components/logos-vflFL1Ql0.css]
[cfl.dropboxstatic.com/static/metaserver/static/css/dig-components/icons-vflBrQT5l.css]
[cfl.dropboxstatic.com/static/metaserver/static/css/dig-components/foundations-tokens-vfl4IxSBQ.css]
[cfl.dropboxstatic.com/static/metaserver/static/css/dig-components/foundations-components-vflUsCtcW.css]
[cfl.dropboxstatic.com/static/metaserver/static/css/dig-components/content-icons-vflIemnoZ.css]
[cfl.dropboxstatic.com/static/metaserver/static/css/dig-components/content-icons-vflIemnoZ.css]
